-- The C compiler identification is GNU 13.3.0
-- The CXX compiler identification is GNU 13.3.0
-- Detecting C compiler ABI info
-- Detecting C compiler ABI info - done
-- Check for working C compiler: /usr/bin/cc - skipped
-- Detecting C compile features
-- Detecting C compile features - done
-- Detecting CXX compiler ABI info
-- Detecting CXX compiler ABI info - done
-- Check for working CXX compiler: /usr/bin/c++ - skipped
-- Detecting CXX compile features
-- Detecting CXX compile features - done
-- Found ament_cmake: 2.5.5 (/opt/ros/jazzy/share/ament_cmake/cmake)
-- Found Python3: /usr/bin/python3 (found version "3.12.3") found components: Interpreter 
-- Found rclcpp: 28.1.16 (/opt/ros/jazzy/share/rclcpp/cmake)
-- Found rosidl_generator_c: 4.6.7 (/opt/ros/jazzy/share/rosidl_generator_c/cmake)
-- Found rosidl_generator_cpp: 4.6.7 (/opt/ros/jazzy/share/rosidl_generator_cpp/cmake)
-- Using all available rosidl_typesupport_c: rosidl_typesupport_fastrtps_c;rosidl_typesupport_introspection_c
-- Using all available rosidl_typesupport_cpp: rosidl_typesupport_fastrtps_cpp;rosidl_typesupport_introspection_cpp
-- Found rmw_implementation_cmake: 7.3.3 (/opt/ros/jazzy/share/rmw_implementation_cmake/cmake)
-- Found rmw_fastrtps_cpp: 8.4.3 (/opt/ros/jazzy/share/rmw_fastrtps_cpp/cmake)
-- Found OpenSSL: /usr/lib/x86_64-linux-gnu/libcrypto.so (found version "3.0.13")  
-- Found FastRTPS: /opt/ros/jazzy/include (Required is at least version "2.13") 
-- Using RMW implementation 'rmw_fastrtps_cpp' as default
-- Found sensor_msgs: 5.3.6 (/opt/ros/jazzy/share/sensor_msgs/cmake)
-- Found cv_bridge: 4.1.0 (/opt/ros/jazzy/share/cv_bridge/cmake)
-- Found OpenCV: /usr (found version "4.6.0") found components: core highgui imgcodecs imgproc videoio 
-- Configuring done (3.6s)
-- Generating done (0.0s)
-- Build files have been written to: /home/sarve/yolo_ws/build/yolo-ros
[ 25%] [32mBuilding CXX object CMakeFiles/cam2image_node.dir/src/cam2image.cpp.o[0m
[ 50%] [32mBuilding CXX object CMakeFiles/cam2image_node.dir/src/remote_capture.cpp.o[0m
[ 75%] [32mBuilding CXX object CMakeFiles/cam2image_node.dir/src/image_processor.cpp.o[0m
[100%] [32m[1mLinking CXX executable cam2image_node[0m
[100%] Built target cam2image_node
-- Install configuration: ""
-- Installing: /home/sarve/yolo_ws/install/yolo-ros/lib/yolo-ros/cam2image_node
-- Set non-toolchain portion of runtime path of "/home/sarve/yolo_ws/install/yolo-ros/lib/yolo-ros/cam2image_node" to ""
-- Installing: /home/sarve/yolo_ws/install/yolo-ros/include/yolo-ros
-- Installing: /home/sarve/yolo_ws/install/yolo-ros/include/yolo-ros/base64.hpp
-- Installing: /home/sarve/yolo_ws/install/yolo-ros/include/yolo-ros/remote_capture.hpp
-- Installing: /home/sarve/yolo_ws/install/yolo-ros/include/yolo-ros/image_processor.hpp
-- Installing: /home/sarve/yolo_ws/install/yolo-ros/include/yolo-ros/cam2image.hpp
-- Installing: /home/sarve/yolo_ws/install/yolo-ros/include/yolo-ros/visibility_control.h
-- Installing: /home/sarve/yolo_ws/install/yolo-ros/share/ament_index/resource_index/package_run_dependencies/yolo-ros
-- Installing: /home/sarve/yolo_ws/install/yolo-ros/share/ament_index/resource_index/parent_prefix_path/yolo-ros
-- Installing: /home/sarve/yolo_ws/install/yolo-ros/share/yolo-ros/environment/ament_prefix_path.sh
-- Installing: /home/sarve/yolo_ws/install/yolo-ros/share/yolo-ros/environment/ament_prefix_path.dsv
-- Installing: /home/sarve/yolo_ws/install/yolo-ros/share/yolo-ros/environment/path.sh
-- Installing: /home/sarve/yolo_ws/install/yolo-ros/share/yolo-ros/environment/path.dsv
-- Installing: /home/sarve/yolo_ws/install/yolo-ros/share/yolo-ros/local_setup.bash
-- Installing: /home/sarve/yolo_ws/install/yolo-ros/share/yolo-ros/local_setup.sh
-- Installing: /home/sarve/yolo_ws/install/yolo-ros/share/yolo-ros/local_setup.zsh
-- Installing: /home/sarve/yolo_ws/install/yolo-ros/share/yolo-ros/local_setup.dsv
-- Installing: /home/sarve/yolo_ws/install/yolo-ros/share/yolo-ros/package.dsv
-- Installing: /home/sarve/yolo_ws/install/yolo-ros/share/ament_index/resource_index/packages/yolo-ros
-- Installing: /home/sarve/yolo_ws/install/yolo-ros/share/yolo-ros/cmake/yolo-rosConfig.cmake
-- Installing: /home/sarve/yolo_ws/install/yolo-ros/share/yolo-ros/cmake/yolo-rosConfig-version.cmake
-- Installing: /home/sarve/yolo_ws/install/yolo-ros/share/yolo-ros/package.xml
