[0.014s] Invoking command in '/home/sarve/yolo_ws/build/yolo-ros': CMAKE_PREFIX_PATH=${CMAKE_PREFIX_PATH}:/opt/ros/jazzy /usr/bin/cmake /home/sarve/yolo_ws/src/yolo_cam -DCMAKE_INSTALL_PREFIX=/home/sarve/yolo_ws/install/yolo-ros
[0.299s] -- The C compiler identification is GNU 13.3.0
[1.011s] -- The CXX compiler identification is GNU 13.3.0
[1.588s] -- Detecting C compiler ABI info
[1.856s] -- Detecting C compiler ABI info - done
[1.865s] -- Check for working C compiler: /usr/bin/cc - skipped
[1.866s] -- Detecting C compile features
[1.867s] -- Detecting C compile features - done
[1.956s] -- Detecting CXX compiler ABI info
[2.213s] -- Detecting CXX compiler ABI info - done
[2.223s] -- Check for working CXX compiler: /usr/bin/c++ - skipped
[2.224s] -- Detecting CXX compile features
[2.224s] -- Detecting CXX compile features - done
[2.240s] -- Found ament_cmake: 2.5.5 (/opt/ros/jazzy/share/ament_cmake/cmake)
[2.393s] -- Found Python3: /usr/bin/python3 (found version "3.12.3") found components: Interpreter 
[2.509s] -- Found rclcpp: 28.1.16 (/opt/ros/jazzy/share/rclcpp/cmake)
[2.700s] -- Found rosidl_generator_c: 4.6.7 (/opt/ros/jazzy/share/rosidl_generator_c/cmake)
[2.714s] -- Found rosidl_generator_cpp: 4.6.7 (/opt/ros/jazzy/share/rosidl_generator_cpp/cmake)
[2.744s] -- Using all available rosidl_typesupport_c: rosidl_typesupport_fastrtps_c;rosidl_typesupport_introspection_c
[2.764s] -- Using all available rosidl_typesupport_cpp: rosidl_typesupport_fastrtps_cpp;rosidl_typesupport_introspection_cpp
[2.845s] -- Found rmw_implementation_cmake: 7.3.3 (/opt/ros/jazzy/share/rmw_implementation_cmake/cmake)
[2.848s] -- Found rmw_fastrtps_cpp: 8.4.3 (/opt/ros/jazzy/share/rmw_fastrtps_cpp/cmake)
[2.933s] -- Found OpenSSL: /usr/lib/x86_64-linux-gnu/libcrypto.so (found version "3.0.13")  
[3.106s] -- Found FastRTPS: /opt/ros/jazzy/include (Required is at least version "2.13") 
[3.205s] -- Using RMW implementation 'rmw_fastrtps_cpp' as default
[3.413s] -- Found sensor_msgs: 5.3.6 (/opt/ros/jazzy/share/sensor_msgs/cmake)
[3.473s] -- Found cv_bridge: 4.1.0 (/opt/ros/jazzy/share/cv_bridge/cmake)
[3.488s] -- Found OpenCV: /usr (found version "4.6.0") found components: core highgui imgcodecs imgproc videoio 
[3.599s] -- Configuring done (3.6s)
[3.620s] -- Generating done (0.0s)
[3.627s] -- Build files have been written to: /home/sarve/yolo_ws/build/yolo-ros
[3.641s] Invoked command in '/home/sarve/yolo_ws/build/yolo-ros' returned '0': CMAKE_PREFIX_PATH=${CMAKE_PREFIX_PATH}:/opt/ros/jazzy /usr/bin/cmake /home/sarve/yolo_ws/src/yolo_cam -DCMAKE_INSTALL_PREFIX=/home/sarve/yolo_ws/install/yolo-ros
[3.642s] Invoking command in '/home/sarve/yolo_ws/build/yolo-ros': CMAKE_PREFIX_PATH=${CMAKE_PREFIX_PATH}:/opt/ros/jazzy /usr/bin/cmake --build /home/sarve/yolo_ws/build/yolo-ros -- -j16 -l16
[3.692s] [ 25%] [32mBuilding CXX object CMakeFiles/cam2image_node.dir/src/cam2image.cpp.o[0m
[3.692s] [ 50%] [32mBuilding CXX object CMakeFiles/cam2image_node.dir/src/remote_capture.cpp.o[0m
[3.692s] [ 75%] [32mBuilding CXX object CMakeFiles/cam2image_node.dir/src/image_processor.cpp.o[0m
[20.366s] [100%] [32m[1mLinking CXX executable cam2image_node[0m
[21.680s] [100%] Built target cam2image_node
[21.694s] Invoked command in '/home/sarve/yolo_ws/build/yolo-ros' returned '0': CMAKE_PREFIX_PATH=${CMAKE_PREFIX_PATH}:/opt/ros/jazzy /usr/bin/cmake --build /home/sarve/yolo_ws/build/yolo-ros -- -j16 -l16
[21.706s] Invoking command in '/home/sarve/yolo_ws/build/yolo-ros': CMAKE_PREFIX_PATH=${CMAKE_PREFIX_PATH}:/opt/ros/jazzy /usr/bin/cmake --install /home/sarve/yolo_ws/build/yolo-ros
[21.716s] -- Install configuration: ""
[21.716s] -- Installing: /home/sarve/yolo_ws/install/yolo-ros/lib/yolo-ros/cam2image_node
[21.729s] -- Set non-toolchain portion of runtime path of "/home/sarve/yolo_ws/install/yolo-ros/lib/yolo-ros/cam2image_node" to ""
[21.729s] -- Installing: /home/sarve/yolo_ws/install/yolo-ros/include/yolo-ros
[21.729s] -- Installing: /home/sarve/yolo_ws/install/yolo-ros/include/yolo-ros/base64.hpp
[21.729s] -- Installing: /home/sarve/yolo_ws/install/yolo-ros/include/yolo-ros/remote_capture.hpp
[21.730s] -- Installing: /home/sarve/yolo_ws/install/yolo-ros/include/yolo-ros/image_processor.hpp
[21.730s] -- Installing: /home/sarve/yolo_ws/install/yolo-ros/include/yolo-ros/cam2image.hpp
[21.730s] -- Installing: /home/sarve/yolo_ws/install/yolo-ros/include/yolo-ros/visibility_control.h
[21.731s] -- Installing: /home/sarve/yolo_ws/install/yolo-ros/share/ament_index/resource_index/package_run_dependencies/yolo-ros
[21.732s] -- Installing: /home/sarve/yolo_ws/install/yolo-ros/share/ament_index/resource_index/parent_prefix_path/yolo-ros
[21.732s] -- Installing: /home/sarve/yolo_ws/install/yolo-ros/share/yolo-ros/environment/ament_prefix_path.sh
[21.732s] -- Installing: /home/sarve/yolo_ws/install/yolo-ros/share/yolo-ros/environment/ament_prefix_path.dsv
[21.733s] -- Installing: /home/sarve/yolo_ws/install/yolo-ros/share/yolo-ros/environment/path.sh
[21.733s] -- Installing: /home/sarve/yolo_ws/install/yolo-ros/share/yolo-ros/environment/path.dsv
[21.733s] -- Installing: /home/sarve/yolo_ws/install/yolo-ros/share/yolo-ros/local_setup.bash
[21.733s] -- Installing: /home/sarve/yolo_ws/install/yolo-ros/share/yolo-ros/local_setup.sh
[21.733s] -- Installing: /home/sarve/yolo_ws/install/yolo-ros/share/yolo-ros/local_setup.zsh
[21.734s] -- Installing: /home/sarve/yolo_ws/install/yolo-ros/share/yolo-ros/local_setup.dsv
[21.734s] -- Installing: /home/sarve/yolo_ws/install/yolo-ros/share/yolo-ros/package.dsv
[21.735s] -- Installing: /home/sarve/yolo_ws/install/yolo-ros/share/ament_index/resource_index/packages/yolo-ros
[21.735s] -- Installing: /home/sarve/yolo_ws/install/yolo-ros/share/yolo-ros/cmake/yolo-rosConfig.cmake
[21.735s] -- Installing: /home/sarve/yolo_ws/install/yolo-ros/share/yolo-ros/cmake/yolo-rosConfig-version.cmake
[21.736s] -- Installing: /home/sarve/yolo_ws/install/yolo-ros/share/yolo-ros/package.xml
[21.738s] Invoked command in '/home/sarve/yolo_ws/build/yolo-ros' returned '0': CMAKE_PREFIX_PATH=${CMAKE_PREFIX_PATH}:/opt/ros/jazzy /usr/bin/cmake --install /home/sarve/yolo_ws/build/yolo-ros
