[0.015s] Invoking command in '/home/sarve/yolo_ws/build/cam2image_vm2ros': CMAKE_PREFIX_PATH=${CMAKE_PREFIX_PATH}:/opt/ros/jazzy /usr/bin/cmake --build /home/sarve/yolo_ws/build/cam2image_vm2ros -- -j16 -l16
[0.102s] [ 25%] [32mBuilding CXX object CMakeFiles/cam2image_node.dir/src/image_processor.cpp.o[0m
[11.638s] [ 50%] [32m[1mLinking CXX executable cam2image_node[0m
[12.823s] [100%] Built target cam2image_node
[12.835s] Invoked command in '/home/sarve/yolo_ws/build/cam2image_vm2ros' returned '0': CMAKE_PREFIX_PATH=${CMAKE_PREFIX_PATH}:/opt/ros/jazzy /usr/bin/cmake --build /home/sarve/yolo_ws/build/cam2image_vm2ros -- -j16 -l16
[12.845s] Invoking command in '/home/sarve/yolo_ws/build/cam2image_vm2ros': CMAKE_PREFIX_PATH=${CMAKE_PREFIX_PATH}:/opt/ros/jazzy /usr/bin/cmake --install /home/sarve/yolo_ws/build/cam2image_vm2ros
[12.852s] -- Install configuration: ""
[12.852s] -- Installing: /home/sarve/yolo_ws/install/cam2image_vm2ros/lib/cam2image_vm2ros/cam2image_node
[12.864s] -- Set non-toolchain portion of runtime path of "/home/sarve/yolo_ws/install/cam2image_vm2ros/lib/cam2image_vm2ros/cam2image_node" to ""
[12.865s] -- Up-to-date: /home/sarve/yolo_ws/install/cam2image_vm2ros/include/cam2image_vm2ros
[12.865s] -- Up-to-date: /home/sarve/yolo_ws/install/cam2image_vm2ros/include/cam2image_vm2ros/base64.hpp
[12.865s] -- Up-to-date: /home/sarve/yolo_ws/install/cam2image_vm2ros/include/cam2image_vm2ros/remote_capture.hpp
[12.865s] -- Up-to-date: /home/sarve/yolo_ws/install/cam2image_vm2ros/include/cam2image_vm2ros/image_processor.hpp
[12.865s] -- Up-to-date: /home/sarve/yolo_ws/install/cam2image_vm2ros/include/cam2image_vm2ros/cam2image.hpp
[12.866s] -- Up-to-date: /home/sarve/yolo_ws/install/cam2image_vm2ros/include/cam2image_vm2ros/visibility_control.h
[12.866s] -- Up-to-date: /home/sarve/yolo_ws/install/cam2image_vm2ros/include/cam2image_vm2ros/object_position.hpp
[12.866s] -- Up-to-date: /home/sarve/yolo_ws/install/cam2image_vm2ros/share/ament_index/resource_index/package_run_dependencies/cam2image_vm2ros
[12.866s] -- Up-to-date: /home/sarve/yolo_ws/install/cam2image_vm2ros/share/ament_index/resource_index/parent_prefix_path/cam2image_vm2ros
[12.866s] -- Up-to-date: /home/sarve/yolo_ws/install/cam2image_vm2ros/share/cam2image_vm2ros/environment/ament_prefix_path.sh
[12.866s] -- Up-to-date: /home/sarve/yolo_ws/install/cam2image_vm2ros/share/cam2image_vm2ros/environment/ament_prefix_path.dsv
[12.868s] -- Up-to-date: /home/sarve/yolo_ws/install/cam2image_vm2ros/share/cam2image_vm2ros/environment/path.sh
[12.868s] -- Up-to-date: /home/sarve/yolo_ws/install/cam2image_vm2ros/share/cam2image_vm2ros/environment/path.dsv
[12.871s] -- Up-to-date: /home/sarve/yolo_ws/install/cam2image_vm2ros/share/cam2image_vm2ros/local_setup.bash
[12.871s] -- Up-to-date: /home/sarve/yolo_ws/install/cam2image_vm2ros/share/cam2image_vm2ros/local_setup.sh
[12.872s] -- Up-to-date: /home/sarve/yolo_ws/install/cam2image_vm2ros/share/cam2image_vm2ros/local_setup.zsh
[12.873s] -- Up-to-date: /home/sarve/yolo_ws/install/cam2image_vm2ros/share/cam2image_vm2ros/local_setup.dsv
[12.873s] -- Installing: /home/sarve/yolo_ws/install/cam2image_vm2ros/share/cam2image_vm2ros/package.dsv
[12.873s] -- Up-to-date: /home/sarve/yolo_ws/install/cam2image_vm2ros/share/ament_index/resource_index/packages/cam2image_vm2ros
[12.874s] -- Up-to-date: /home/sarve/yolo_ws/install/cam2image_vm2ros/share/cam2image_vm2ros/cmake/cam2image_vm2rosConfig.cmake
[12.874s] -- Up-to-date: /home/sarve/yolo_ws/install/cam2image_vm2ros/share/cam2image_vm2ros/cmake/cam2image_vm2rosConfig-version.cmake
[12.875s] -- Up-to-date: /home/sarve/yolo_ws/install/cam2image_vm2ros/share/cam2image_vm2ros/package.xml
[12.876s] Invoked command in '/home/sarve/yolo_ws/build/cam2image_vm2ros' returned '0': CMAKE_PREFIX_PATH=${CMAKE_PREFIX_PATH}:/opt/ros/jazzy /usr/bin/cmake --install /home/sarve/yolo_ws/build/cam2image_vm2ros
