[0.161s] DEBUG:colcon:Command line arguments: ['/usr/bin/colcon', 'build']
[0.161s] DEBUG:colcon:Parsed command line arguments: Namespace(log_base=None, log_level=None, verb_name='build', build_base='build', install_base='install', merge_install=False, symlink_install=False, test_result_base=None, continue_on_error=False, executor='parallel', parallel_workers=16, event_handlers=None, ignore_user_meta=False, metas=['./colcon.meta'], base_paths=['.'], packages_ignore=None, packages_ignore_regex=None, paths=None, packages_up_to=None, packages_up_to_regex=None, packages_above=None, packages_above_and_dependencies=None, packages_above_depth=None, packages_select_by_dep=None, packages_skip_by_dep=None, packages_skip_up_to=None, packages_select_build_failed=False, packages_skip_build_finished=False, packages_select_test_failures=False, packages_skip_test_passed=False, packages_select=None, packages_skip=None, packages_select_regex=None, packages_skip_regex=None, packages_start=None, packages_end=None, allow_overriding=[], cmake_args=None, cmake_target=None, cmake_target_skip_unavailable=False, cmake_clean_cache=False, cmake_clean_first=False, cmake_force_configure=False, ament_cmake_args=None, catkin_cmake_args=None, catkin_skip_building_tests=False, verb_parser=<colcon_defaults.argument_parser.defaults.DefaultArgumentsDecorator object at 0x7f24afb6fc20>, verb_extension=<colcon_core.verb.build.BuildVerb object at 0x7f24afb6f920>, main=<bound method BuildVerb.main of <colcon_core.verb.build.BuildVerb object at 0x7f24afb6f920>>)
[0.195s] Level 1:colcon.colcon_core.package_discovery:discover_packages(colcon_meta) check parameters
[0.195s] Level 1:colcon.colcon_core.package_discovery:discover_packages(recursive) check parameters
[0.195s] Level 1:colcon.colcon_core.package_discovery:discover_packages(ignore) check parameters
[0.195s] Level 1:colcon.colcon_core.package_discovery:discover_packages(path) check parameters
[0.195s] Level 1:colcon.colcon_core.package_discovery:discover_packages(colcon_meta) discover
[0.195s] Level 1:colcon.colcon_core.package_discovery:discover_packages(recursive) discover
[0.195s] INFO:colcon.colcon_core.package_discovery:Crawling recursively for packages in '/home/sarve/yolo_ws'
[0.195s] Level 1:colcon.colcon_core.package_identification:_identify(.) by extensions ['ignore', 'ignore_ament_install']
[0.196s] Level 1:colcon.colcon_core.package_identification:_identify(.) by extension 'ignore'
[0.196s] Level 1:colcon.colcon_core.package_identification:_identify(.) by extension 'ignore_ament_install'
[0.196s] Level 1:colcon.colcon_core.package_identification:_identify(.) by extensions ['colcon_pkg']
[0.196s] Level 1:colcon.colcon_core.package_identification:_identify(.) by extension 'colcon_pkg'
[0.196s] Level 1:colcon.colcon_core.package_identification:_identify(.) by extensions ['colcon_meta']
[0.196s] Level 1:colcon.colcon_core.package_identification:_identify(.) by extension 'colcon_meta'
[0.196s] Level 1:colcon.colcon_core.package_identification:_identify(.) by extensions ['ros']
[0.196s] Level 1:colcon.colcon_core.package_identification:_identify(.) by extension 'ros'
[0.217s] Level 1:colcon.colcon_core.package_identification:_identify(.) by extensions ['cmake', 'python']
[0.217s] Level 1:colcon.colcon_core.package_identification:_identify(.) by extension 'cmake'
[0.217s] Level 1:colcon.colcon_core.package_identification:_identify(.) by extension 'python'
[0.217s] Level 1:colcon.colcon_core.package_identification:_identify(.) by extensions ['python_setup_py']
[0.217s] Level 1:colcon.colcon_core.package_identification:_identify(.) by extension 'python_setup_py'
[0.217s] Level 1:colcon.colcon_core.package_identification:_identify(build) by extensions ['ignore', 'ignore_ament_install']
[0.217s] Level 1:colcon.colcon_core.package_identification:_identify(build) by extension 'ignore'
[0.217s] Level 1:colcon.colcon_core.package_identification:_identify(build) ignored
[0.218s] Level 1:colcon.colcon_core.package_identification:_identify(install) by extensions ['ignore', 'ignore_ament_install']
[0.218s] Level 1:colcon.colcon_core.package_identification:_identify(install) by extension 'ignore'
[0.218s] Level 1:colcon.colcon_core.package_identification:_identify(install) ignored
[0.218s] Level 1:colcon.colcon_core.package_identification:_identify(log) by extensions ['ignore', 'ignore_ament_install']
[0.218s] Level 1:colcon.colcon_core.package_identification:_identify(log) by extension 'ignore'
[0.218s] Level 1:colcon.colcon_core.package_identification:_identify(log) ignored
[0.218s] Level 1:colcon.colcon_core.package_identification:_identify(src) by extensions ['ignore', 'ignore_ament_install']
[0.218s] Level 1:colcon.colcon_core.package_identification:_identify(src) by extension 'ignore'
[0.218s] Level 1:colcon.colcon_core.package_identification:_identify(src) by extension 'ignore_ament_install'
[0.218s] Level 1:colcon.colcon_core.package_identification:_identify(src) by extensions ['colcon_pkg']
[0.218s] Level 1:colcon.colcon_core.package_identification:_identify(src) by extension 'colcon_pkg'
[0.218s] Level 1:colcon.colcon_core.package_identification:_identify(src) by extensions ['colcon_meta']
[0.218s] Level 1:colcon.colcon_core.package_identification:_identify(src) by extension 'colcon_meta'
[0.218s] Level 1:colcon.colcon_core.package_identification:_identify(src) by extensions ['ros']
[0.218s] Level 1:colcon.colcon_core.package_identification:_identify(src) by extension 'ros'
[0.219s] Level 1:colcon.colcon_core.package_identification:_identify(src) by extensions ['cmake', 'python']
[0.219s] Level 1:colcon.colcon_core.package_identification:_identify(src) by extension 'cmake'
[0.219s] Level 1:colcon.colcon_core.package_identification:_identify(src) by extension 'python'
[0.219s] Level 1:colcon.colcon_core.package_identification:_identify(src) by extensions ['python_setup_py']
[0.219s] Level 1:colcon.colcon_core.package_identification:_identify(src) by extension 'python_setup_py'
[0.219s] Level 1:colcon.colcon_core.package_identification:_identify(src/yolo_cam) by extensions ['ignore', 'ignore_ament_install']
[0.219s] Level 1:colcon.colcon_core.package_identification:_identify(src/yolo_cam) by extension 'ignore'
[0.219s] Level 1:colcon.colcon_core.package_identification:_identify(src/yolo_cam) by extension 'ignore_ament_install'
[0.219s] Level 1:colcon.colcon_core.package_identification:_identify(src/yolo_cam) by extensions ['colcon_pkg']
[0.219s] Level 1:colcon.colcon_core.package_identification:_identify(src/yolo_cam) by extension 'colcon_pkg'
[0.219s] Level 1:colcon.colcon_core.package_identification:_identify(src/yolo_cam) by extensions ['colcon_meta']
[0.219s] Level 1:colcon.colcon_core.package_identification:_identify(src/yolo_cam) by extension 'colcon_meta'
[0.219s] Level 1:colcon.colcon_core.package_identification:_identify(src/yolo_cam) by extensions ['ros']
[0.219s] Level 1:colcon.colcon_core.package_identification:_identify(src/yolo_cam) by extension 'ros'
[0.222s] DEBUG:colcon.colcon_core.package_identification:Package 'src/yolo_cam' with type 'ros.ament_cmake' and name 'yolo-ros'
[0.222s] Level 1:colcon.colcon_core.package_discovery:discover_packages(recursive) using defaults
[0.222s] Level 1:colcon.colcon_core.package_discovery:discover_packages(ignore) discover
[0.222s] Level 1:colcon.colcon_core.package_discovery:discover_packages(ignore) using defaults
[0.222s] Level 1:colcon.colcon_core.package_discovery:discover_packages(path) discover
[0.222s] Level 1:colcon.colcon_core.package_discovery:discover_packages(path) using defaults
[0.236s] Level 1:colcon.colcon_core.package_discovery:discover_packages(prefix_path) check parameters
[0.236s] Level 1:colcon.colcon_core.package_discovery:discover_packages(prefix_path) discover
[0.237s] WARNING:colcon.colcon_ros.prefix_path.ament:The path '/home/sarve/ros2_ws/install/xrf2_msgs' in the environment variable AMENT_PREFIX_PATH doesn't exist
[0.238s] WARNING:colcon.colcon_ros.prefix_path.catkin:The path '/home/sarve/ros2_ws/install/xrf2_msgs' in the environment variable CMAKE_PREFIX_PATH doesn't exist
[0.238s] DEBUG:colcon.colcon_installed_package_information.package_discovery:Found 7 installed packages in /home/sarve/ros2_ws/install
[0.240s] DEBUG:colcon.colcon_installed_package_information.package_discovery:Found 286 installed packages in /opt/ros/jazzy
[0.241s] Level 1:colcon.colcon_core.package_discovery:discover_packages(prefix_path) using defaults
[0.280s] Level 5:colcon.colcon_core.verb:set package 'yolo-ros' build argument 'cmake_args' from command line to 'None'
[0.280s] Level 5:colcon.colcon_core.verb:set package 'yolo-ros' build argument 'cmake_target' from command line to 'None'
[0.280s] Level 5:colcon.colcon_core.verb:set package 'yolo-ros' build argument 'cmake_target_skip_unavailable' from command line to 'False'
[0.280s] Level 5:colcon.colcon_core.verb:set package 'yolo-ros' build argument 'cmake_clean_cache' from command line to 'False'
[0.280s] Level 5:colcon.colcon_core.verb:set package 'yolo-ros' build argument 'cmake_clean_first' from command line to 'False'
[0.280s] Level 5:colcon.colcon_core.verb:set package 'yolo-ros' build argument 'cmake_force_configure' from command line to 'False'
[0.280s] Level 5:colcon.colcon_core.verb:set package 'yolo-ros' build argument 'ament_cmake_args' from command line to 'None'
[0.280s] Level 5:colcon.colcon_core.verb:set package 'yolo-ros' build argument 'catkin_cmake_args' from command line to 'None'
[0.280s] Level 5:colcon.colcon_core.verb:set package 'yolo-ros' build argument 'catkin_skip_building_tests' from command line to 'False'
[0.280s] DEBUG:colcon.colcon_core.verb:Building package 'yolo-ros' with the following arguments: {'ament_cmake_args': None, 'build_base': '/home/sarve/yolo_ws/build/yolo-ros', 'catkin_cmake_args': None, 'catkin_skip_building_tests': False, 'cmake_args': None, 'cmake_clean_cache': False, 'cmake_clean_first': False, 'cmake_force_configure': False, 'cmake_target': None, 'cmake_target_skip_unavailable': False, 'install_base': '/home/sarve/yolo_ws/install/yolo-ros', 'merge_install': False, 'path': '/home/sarve/yolo_ws/src/yolo_cam', 'symlink_install': False, 'test_result_base': None}
[0.280s] INFO:colcon.colcon_core.executor:Executing jobs using 'parallel' executor
[0.281s] DEBUG:colcon.colcon_parallel_executor.executor.parallel:run_until_complete
[0.282s] INFO:colcon.colcon_ros.task.ament_cmake.build:Building ROS package in '/home/sarve/yolo_ws/src/yolo_cam' with build type 'ament_cmake'
[0.282s] INFO:colcon.colcon_cmake.task.cmake.build:Building CMake package in '/home/sarve/yolo_ws/src/yolo_cam'
[0.284s] INFO:colcon.colcon_core.plugin_system:Skipping extension 'colcon_core.shell.bat': Not used on non-Windows systems
[0.284s] INFO:colcon.colcon_core.shell:Skip shell extension 'powershell' for command environment: Not usable outside of PowerShell
[0.284s] DEBUG:colcon.colcon_core.shell:Skip shell extension 'dsv' for command environment
[0.296s] DEBUG:colcon.colcon_core.event_handler.log_command:Invoking command in '/home/sarve/yolo_ws/build/yolo-ros': CMAKE_PREFIX_PATH=${CMAKE_PREFIX_PATH}:/opt/ros/jazzy /usr/bin/cmake /home/sarve/yolo_ws/src/yolo_cam -DCMAKE_INSTALL_PREFIX=/home/sarve/yolo_ws/install/yolo-ros
[3.924s] DEBUG:colcon.colcon_core.event_handler.log_command:Invoked command in '/home/sarve/yolo_ws/build/yolo-ros' returned '0': CMAKE_PREFIX_PATH=${CMAKE_PREFIX_PATH}:/opt/ros/jazzy /usr/bin/cmake /home/sarve/yolo_ws/src/yolo_cam -DCMAKE_INSTALL_PREFIX=/home/sarve/yolo_ws/install/yolo-ros
[3.925s] DEBUG:colcon.colcon_core.event_handler.log_command:Invoking command in '/home/sarve/yolo_ws/build/yolo-ros': CMAKE_PREFIX_PATH=${CMAKE_PREFIX_PATH}:/opt/ros/jazzy /usr/bin/cmake --build /home/sarve/yolo_ws/build/yolo-ros -- -j16 -l16
[21.977s] DEBUG:colcon.colcon_core.event_handler.log_command:Invoked command in '/home/sarve/yolo_ws/build/yolo-ros' returned '0': CMAKE_PREFIX_PATH=${CMAKE_PREFIX_PATH}:/opt/ros/jazzy /usr/bin/cmake --build /home/sarve/yolo_ws/build/yolo-ros -- -j16 -l16
[21.988s] DEBUG:colcon.colcon_core.event_handler.log_command:Invoking command in '/home/sarve/yolo_ws/build/yolo-ros': CMAKE_PREFIX_PATH=${CMAKE_PREFIX_PATH}:/opt/ros/jazzy /usr/bin/cmake --install /home/sarve/yolo_ws/build/yolo-ros
[22.020s] Level 1:colcon.colcon_core.environment:create_environment_scripts_only(yolo-ros)
[22.021s] DEBUG:colcon.colcon_core.event_handler.log_command:Invoked command in '/home/sarve/yolo_ws/build/yolo-ros' returned '0': CMAKE_PREFIX_PATH=${CMAKE_PREFIX_PATH}:/opt/ros/jazzy /usr/bin/cmake --install /home/sarve/yolo_ws/build/yolo-ros
[22.023s] Level 1:colcon.colcon_core.environment:checking '/home/sarve/yolo_ws/install/yolo-ros' for CMake module files
[22.023s] Level 1:colcon.colcon_core.environment:checking '/home/sarve/yolo_ws/install/yolo-ros' for CMake config files
[22.023s] Level 1:colcon.colcon_core.shell:create_environment_hook('yolo-ros', 'cmake_prefix_path')
[22.023s] INFO:colcon.colcon_core.shell:Creating environment hook '/home/sarve/yolo_ws/install/yolo-ros/share/yolo-ros/hook/cmake_prefix_path.ps1'
[22.024s] INFO:colcon.colcon_core.shell:Creating environment descriptor '/home/sarve/yolo_ws/install/yolo-ros/share/yolo-ros/hook/cmake_prefix_path.dsv'
[22.025s] INFO:colcon.colcon_core.shell:Creating environment hook '/home/sarve/yolo_ws/install/yolo-ros/share/yolo-ros/hook/cmake_prefix_path.sh'
[22.026s] Level 1:colcon.colcon_core.environment:checking '/home/sarve/yolo_ws/install/yolo-ros/lib'
[22.026s] Level 1:colcon.colcon_core.environment:checking '/home/sarve/yolo_ws/install/yolo-ros/bin'
[22.026s] Level 1:colcon.colcon_core.environment:checking '/home/sarve/yolo_ws/install/yolo-ros/lib/pkgconfig/yolo-ros.pc'
[22.026s] Level 1:colcon.colcon_core.environment:checking '/home/sarve/yolo_ws/install/yolo-ros/lib/python3.12/site-packages'
[22.026s] Level 1:colcon.colcon_core.environment:checking '/home/sarve/yolo_ws/install/yolo-ros/bin'
[22.027s] INFO:colcon.colcon_core.shell:Creating package script '/home/sarve/yolo_ws/install/yolo-ros/share/yolo-ros/package.ps1'
[22.027s] INFO:colcon.colcon_core.shell:Creating package descriptor '/home/sarve/yolo_ws/install/yolo-ros/share/yolo-ros/package.dsv'
[22.028s] INFO:colcon.colcon_core.shell:Creating package script '/home/sarve/yolo_ws/install/yolo-ros/share/yolo-ros/package.sh'
[22.028s] INFO:colcon.colcon_core.shell:Creating package script '/home/sarve/yolo_ws/install/yolo-ros/share/yolo-ros/package.bash'
[22.029s] INFO:colcon.colcon_core.shell:Creating package script '/home/sarve/yolo_ws/install/yolo-ros/share/yolo-ros/package.zsh'
[22.029s] Level 1:colcon.colcon_core.environment:create_file_with_runtime_dependencies(/home/sarve/yolo_ws/install/yolo-ros/share/colcon-core/packages/yolo-ros)
[22.030s] Level 1:colcon.colcon_core.environment:create_environment_scripts_only(yolo-ros)
[22.031s] Level 1:colcon.colcon_core.environment:checking '/home/sarve/yolo_ws/install/yolo-ros' for CMake module files
[22.031s] Level 1:colcon.colcon_core.environment:checking '/home/sarve/yolo_ws/install/yolo-ros' for CMake config files
[22.031s] Level 1:colcon.colcon_core.shell:create_environment_hook('yolo-ros', 'cmake_prefix_path')
[22.031s] INFO:colcon.colcon_core.shell:Creating environment hook '/home/sarve/yolo_ws/install/yolo-ros/share/yolo-ros/hook/cmake_prefix_path.ps1'
[22.032s] INFO:colcon.colcon_core.shell:Creating environment descriptor '/home/sarve/yolo_ws/install/yolo-ros/share/yolo-ros/hook/cmake_prefix_path.dsv'
[22.032s] INFO:colcon.colcon_core.shell:Creating environment hook '/home/sarve/yolo_ws/install/yolo-ros/share/yolo-ros/hook/cmake_prefix_path.sh'
[22.032s] Level 1:colcon.colcon_core.environment:checking '/home/sarve/yolo_ws/install/yolo-ros/lib'
[22.033s] Level 1:colcon.colcon_core.environment:checking '/home/sarve/yolo_ws/install/yolo-ros/bin'
[22.033s] Level 1:colcon.colcon_core.environment:checking '/home/sarve/yolo_ws/install/yolo-ros/lib/pkgconfig/yolo-ros.pc'
[22.033s] Level 1:colcon.colcon_core.environment:checking '/home/sarve/yolo_ws/install/yolo-ros/lib/python3.12/site-packages'
[22.033s] Level 1:colcon.colcon_core.environment:checking '/home/sarve/yolo_ws/install/yolo-ros/bin'
[22.034s] INFO:colcon.colcon_core.shell:Creating package script '/home/sarve/yolo_ws/install/yolo-ros/share/yolo-ros/package.ps1'
[22.034s] INFO:colcon.colcon_core.shell:Creating package descriptor '/home/sarve/yolo_ws/install/yolo-ros/share/yolo-ros/package.dsv'
[22.035s] INFO:colcon.colcon_core.shell:Creating package script '/home/sarve/yolo_ws/install/yolo-ros/share/yolo-ros/package.sh'
[22.035s] INFO:colcon.colcon_core.shell:Creating package script '/home/sarve/yolo_ws/install/yolo-ros/share/yolo-ros/package.bash'
[22.036s] INFO:colcon.colcon_core.shell:Creating package script '/home/sarve/yolo_ws/install/yolo-ros/share/yolo-ros/package.zsh'
[22.036s] Level 1:colcon.colcon_core.environment:create_file_with_runtime_dependencies(/home/sarve/yolo_ws/install/yolo-ros/share/colcon-core/packages/yolo-ros)
[22.036s] DEBUG:colcon.colcon_parallel_executor.executor.parallel:closing loop
[22.037s] DEBUG:colcon.colcon_parallel_executor.executor.parallel:loop closed
[22.038s] DEBUG:colcon.colcon_parallel_executor.executor.parallel:run_until_complete finished with '0'
[22.038s] DEBUG:colcon.colcon_core.event_reactor:joining thread
[22.090s] INFO:colcon.colcon_core.plugin_system:Skipping extension 'colcon_notification.desktop_notification.notify_send': Could not find 'notify-send'
[22.090s] INFO:colcon.colcon_core.plugin_system:Skipping extension 'colcon_notification.desktop_notification.terminal_notifier': Not used on non-Darwin systems
[22.090s] INFO:colcon.colcon_core.plugin_system:Skipping extension 'colcon_notification.desktop_notification.win32': Not used on non-Windows systems
[22.090s] INFO:colcon.colcon_notification.desktop_notification:Sending desktop notification using 'notify2'
[22.091s] DEBUG:colcon.colcon_notification.desktop_notification.notify2:Failed to initialize notify2: org.freedesktop.DBus.Error.ServiceUnknown: The name org.freedesktop.Notifications was not provided by any .service files
[22.092s] DEBUG:colcon.colcon_core.event_reactor:joined thread
[22.092s] INFO:colcon.colcon_core.shell:Creating prefix script '/home/sarve/yolo_ws/install/local_setup.ps1'
[22.093s] INFO:colcon.colcon_core.shell:Creating prefix util module '/home/sarve/yolo_ws/install/_local_setup_util_ps1.py'
[22.094s] INFO:colcon.colcon_core.shell:Creating prefix chain script '/home/sarve/yolo_ws/install/setup.ps1'
[22.095s] INFO:colcon.colcon_core.shell:Creating prefix script '/home/sarve/yolo_ws/install/local_setup.sh'
[22.095s] INFO:colcon.colcon_core.shell:Creating prefix util module '/home/sarve/yolo_ws/install/_local_setup_util_sh.py'
[22.096s] INFO:colcon.colcon_core.shell:Creating prefix chain script '/home/sarve/yolo_ws/install/setup.sh'
[22.097s] INFO:colcon.colcon_core.shell:Creating prefix script '/home/sarve/yolo_ws/install/local_setup.bash'
[22.098s] INFO:colcon.colcon_core.shell:Creating prefix chain script '/home/sarve/yolo_ws/install/setup.bash'
[22.099s] INFO:colcon.colcon_core.shell:Creating prefix script '/home/sarve/yolo_ws/install/local_setup.zsh'
[22.100s] INFO:colcon.colcon_core.shell:Creating prefix chain script '/home/sarve/yolo_ws/install/setup.zsh'
