[100%] Built target cam2image_node
-- Install configuration: ""
-- Up-to-date: /home/sarve/yolo_ws/install/cam2image_vm2ros/lib/cam2image_vm2ros/cam2image_node
-- Up-to-date: /home/sarve/yolo_ws/install/cam2image_vm2ros/include/cam2image_vm2ros
-- Up-to-date: /home/sarve/yolo_ws/install/cam2image_vm2ros/include/cam2image_vm2ros/base64.hpp
-- Up-to-date: /home/sarve/yolo_ws/install/cam2image_vm2ros/include/cam2image_vm2ros/remote_capture.hpp
-- Up-to-date: /home/sarve/yolo_ws/install/cam2image_vm2ros/include/cam2image_vm2ros/image_processor.hpp
-- Up-to-date: /home/sarve/yolo_ws/install/cam2image_vm2ros/include/cam2image_vm2ros/cam2image.hpp
-- Up-to-date: /home/sarve/yolo_ws/install/cam2image_vm2ros/include/cam2image_vm2ros/visibility_control.h
-- Up-to-date: /home/sarve/yolo_ws/install/cam2image_vm2ros/share/ament_index/resource_index/package_run_dependencies/cam2image_vm2ros
-- Up-to-date: /home/sarve/yolo_ws/install/cam2image_vm2ros/share/ament_index/resource_index/parent_prefix_path/cam2image_vm2ros
-- Up-to-date: /home/sarve/yolo_ws/install/cam2image_vm2ros/share/cam2image_vm2ros/environment/ament_prefix_path.sh
-- Up-to-date: /home/sarve/yolo_ws/install/cam2image_vm2ros/share/cam2image_vm2ros/environment/ament_prefix_path.dsv
-- Up-to-date: /home/sarve/yolo_ws/install/cam2image_vm2ros/share/cam2image_vm2ros/environment/path.sh
-- Up-to-date: /home/sarve/yolo_ws/install/cam2image_vm2ros/share/cam2image_vm2ros/environment/path.dsv
-- Up-to-date: /home/sarve/yolo_ws/install/cam2image_vm2ros/share/cam2image_vm2ros/local_setup.bash
-- Up-to-date: /home/sarve/yolo_ws/install/cam2image_vm2ros/share/cam2image_vm2ros/local_setup.sh
-- Up-to-date: /home/sarve/yolo_ws/install/cam2image_vm2ros/share/cam2image_vm2ros/local_setup.zsh
-- Up-to-date: /home/sarve/yolo_ws/install/cam2image_vm2ros/share/cam2image_vm2ros/local_setup.dsv
-- Installing: /home/sarve/yolo_ws/install/cam2image_vm2ros/share/cam2image_vm2ros/package.dsv
-- Up-to-date: /home/sarve/yolo_ws/install/cam2image_vm2ros/share/ament_index/resource_index/packages/cam2image_vm2ros
-- Up-to-date: /home/sarve/yolo_ws/install/cam2image_vm2ros/share/cam2image_vm2ros/cmake/cam2image_vm2rosConfig.cmake
-- Up-to-date: /home/sarve/yolo_ws/install/cam2image_vm2ros/share/cam2image_vm2ros/cmake/cam2image_vm2rosConfig-version.cmake
-- Up-to-date: /home/sarve/yolo_ws/install/cam2image_vm2ros/share/cam2image_vm2ros/package.xml
