[0.013s] Invoking command in '/home/sarve/yolo_ws/build/cam2image_vm2ros': CMAKE_PREFIX_PATH=${CMAKE_PREFIX_PATH}:/opt/ros/jazzy /usr/bin/cmake --build /home/sarve/yolo_ws/build/cam2image_vm2ros -- -j16 -l16
[0.099s] [100%] Built target cam2image_node
[0.110s] Invoked command in '/home/sarve/yolo_ws/build/cam2image_vm2ros' returned '0': CMAKE_PREFIX_PATH=${CMAKE_PREFIX_PATH}:/opt/ros/jazzy /usr/bin/cmake --build /home/sarve/yolo_ws/build/cam2image_vm2ros -- -j16 -l16
[0.122s] Invoking command in '/home/sarve/yolo_ws/build/cam2image_vm2ros': CMAKE_PREFIX_PATH=${CMAKE_PREFIX_PATH}:/opt/ros/jazzy /usr/bin/cmake --install /home/sarve/yolo_ws/build/cam2image_vm2ros
[0.131s] -- Install configuration: ""
[0.132s] -- Up-to-date: /home/sarve/yolo_ws/install/cam2image_vm2ros/lib/cam2image_vm2ros/cam2image_node
[0.132s] -- Up-to-date: /home/sarve/yolo_ws/install/cam2image_vm2ros/include/cam2image_vm2ros
[0.132s] -- Up-to-date: /home/sarve/yolo_ws/install/cam2image_vm2ros/include/cam2image_vm2ros/base64.hpp
[0.133s] -- Up-to-date: /home/sarve/yolo_ws/install/cam2image_vm2ros/include/cam2image_vm2ros/remote_capture.hpp
[0.133s] -- Up-to-date: /home/sarve/yolo_ws/install/cam2image_vm2ros/include/cam2image_vm2ros/image_processor.hpp
[0.134s] -- Up-to-date: /home/sarve/yolo_ws/install/cam2image_vm2ros/include/cam2image_vm2ros/cam2image.hpp
[0.134s] -- Up-to-date: /home/sarve/yolo_ws/install/cam2image_vm2ros/include/cam2image_vm2ros/visibility_control.h
[0.135s] -- Up-to-date: /home/sarve/yolo_ws/install/cam2image_vm2ros/share/ament_index/resource_index/package_run_dependencies/cam2image_vm2ros
[0.135s] -- Up-to-date: /home/sarve/yolo_ws/install/cam2image_vm2ros/share/ament_index/resource_index/parent_prefix_path/cam2image_vm2ros
[0.135s] -- Up-to-date: /home/sarve/yolo_ws/install/cam2image_vm2ros/share/cam2image_vm2ros/environment/ament_prefix_path.sh
[0.135s] -- Up-to-date: /home/sarve/yolo_ws/install/cam2image_vm2ros/share/cam2image_vm2ros/environment/ament_prefix_path.dsv
[0.136s] -- Up-to-date: /home/sarve/yolo_ws/install/cam2image_vm2ros/share/cam2image_vm2ros/environment/path.sh
[0.137s] -- Up-to-date: /home/sarve/yolo_ws/install/cam2image_vm2ros/share/cam2image_vm2ros/environment/path.dsv
[0.138s] -- Up-to-date: /home/sarve/yolo_ws/install/cam2image_vm2ros/share/cam2image_vm2ros/local_setup.bash
[0.138s] -- Up-to-date: /home/sarve/yolo_ws/install/cam2image_vm2ros/share/cam2image_vm2ros/local_setup.sh
[0.138s] -- Up-to-date: /home/sarve/yolo_ws/install/cam2image_vm2ros/share/cam2image_vm2ros/local_setup.zsh
[0.139s] -- Up-to-date: /home/sarve/yolo_ws/install/cam2image_vm2ros/share/cam2image_vm2ros/local_setup.dsv
[0.140s] -- Installing: /home/sarve/yolo_ws/install/cam2image_vm2ros/share/cam2image_vm2ros/package.dsv
[0.140s] -- Up-to-date: /home/sarve/yolo_ws/install/cam2image_vm2ros/share/ament_index/resource_index/packages/cam2image_vm2ros
[0.141s] -- Up-to-date: /home/sarve/yolo_ws/install/cam2image_vm2ros/share/cam2image_vm2ros/cmake/cam2image_vm2rosConfig.cmake
[0.141s] -- Up-to-date: /home/sarve/yolo_ws/install/cam2image_vm2ros/share/cam2image_vm2ros/cmake/cam2image_vm2rosConfig-version.cmake
[0.142s] -- Up-to-date: /home/sarve/yolo_ws/install/cam2image_vm2ros/share/cam2image_vm2ros/package.xml
[0.142s] Invoked command in '/home/sarve/yolo_ws/build/cam2image_vm2ros' returned '0': CMAKE_PREFIX_PATH=${CMAKE_PREFIX_PATH}:/opt/ros/jazzy /usr/bin/cmake --install /home/sarve/yolo_ws/build/cam2image_vm2ros
