[0.027s] Invoking command in '/home/sarve/yolo_ws/build/cam2image_vm2ros': CMAKE_PREFIX_PATH=${CMAKE_PREFIX_PATH}:/opt/ros/jazzy /usr/bin/cmake --build /home/sarve/yolo_ws/build/cam2image_vm2ros -- -j16 -l16
[0.122s] -- Found ament_cmake: 2.5.5 (/opt/ros/jazzy/share/ament_cmake/cmake)
[0.423s] -- Found rclcpp: 28.1.16 (/opt/ros/jazzy/share/rclcpp/cmake)
[0.677s] -- Found rosidl_generator_c: 4.6.7 (/opt/ros/jazzy/share/rosidl_generator_c/cmake)
[0.694s] -- Found rosidl_generator_cpp: 4.6.7 (/opt/ros/jazzy/share/rosidl_generator_cpp/cmake)
[0.722s] -- Using all available rosidl_typesupport_c: rosidl_typesupport_fastrtps_c;rosidl_typesupport_introspection_c
[0.751s] -- Using all available rosidl_typesupport_cpp: rosidl_typesupport_fastrtps_cpp;rosidl_typesupport_introspection_cpp
[0.878s] -- Found rmw_implementation_cmake: 7.3.3 (/opt/ros/jazzy/share/rmw_implementation_cmake/cmake)
[0.884s] -- Found rmw_fastrtps_cpp: 8.4.3 (/opt/ros/jazzy/share/rmw_fastrtps_cpp/cmake)
[1.154s] -- Using RMW implementation 'rmw_fastrtps_cpp' as default
[1.388s] -- Found sensor_msgs: 5.3.6 (/opt/ros/jazzy/share/sensor_msgs/cmake)
[1.479s] -- Found cv_bridge: 4.1.0 (/opt/ros/jazzy/share/cv_bridge/cmake)
[1.587s] [31mCMake Error at /opt/ros/jazzy/share/ament_cmake_core/cmake/core/ament_package_xml.cmake:53 (message):
[1.588s]   ament_package_xml() package name 'cam2image_vm2ros' in '/package.xml' does
[1.588s]   not match current PROJECT_NAME 'yolo-ros'.  You must call project() with
[1.588s]   the same package name before.
[1.588s] Call Stack (most recent call first):
[1.588s]   /opt/ros/jazzy/share/ament_cmake_core/cmake/core/ament_package.cmake:63 (ament_package_xml)
[1.588s]   CMakeLists.txt:57 (ament_package)
[1.588s] 
[1.588s] [0m
[1.588s] -- Configuring incomplete, errors occurred!
[1.601s] gmake: *** [Makefile:321: cmake_check_build_system] Error 1
[1.604s] Invoked command in '/home/sarve/yolo_ws/build/cam2image_vm2ros' returned '2': CMAKE_PREFIX_PATH=${CMAKE_PREFIX_PATH}:/opt/ros/jazzy /usr/bin/cmake --build /home/sarve/yolo_ws/build/cam2image_vm2ros -- -j16 -l16
