[0.014s] Invoking command in '/home/sarve/yolo_ws/build/cam2image_vm2ros': CMAKE_PREFIX_PATH=${CMAKE_PREFIX_PATH}:/opt/ros/jazzy /usr/bin/cmake --build /home/sarve/yolo_ws/build/cam2image_vm2ros -- -j16 -l16
[0.094s] [ 25%] [32mBuilding CXX object CMakeFiles/cam2image_node.dir/src/cam2image.cpp.o[0m
[0.094s] [ 50%] [32mBuilding CXX object CMakeFiles/cam2image_node.dir/src/image_processor.cpp.o[0m
[16.214s] [ 75%] [32m[1mLinking CXX executable cam2image_node[0m
[17.494s] [100%] Built target cam2image_node
[17.509s] Invoked command in '/home/sarve/yolo_ws/build/cam2image_vm2ros' returned '0': CMAKE_PREFIX_PATH=${CMAKE_PREFIX_PATH}:/opt/ros/jazzy /usr/bin/cmake --build /home/sarve/yolo_ws/build/cam2image_vm2ros -- -j16 -l16
[17.518s] Invoking command in '/home/sarve/yolo_ws/build/cam2image_vm2ros': CMAKE_PREFIX_PATH=${CMAKE_PREFIX_PATH}:/opt/ros/jazzy /usr/bin/cmake --install /home/sarve/yolo_ws/build/cam2image_vm2ros
[17.526s] -- Install configuration: ""
[17.526s] -- Installing: /home/sarve/yolo_ws/install/cam2image_vm2ros/lib/cam2image_vm2ros/cam2image_node
[17.533s] -- Set non-toolchain portion of runtime path of "/home/sarve/yolo_ws/install/cam2image_vm2ros/lib/cam2image_vm2ros/cam2image_node" to ""
[17.533s] -- Up-to-date: /home/sarve/yolo_ws/install/cam2image_vm2ros/include/cam2image_vm2ros
[17.534s] -- Up-to-date: /home/sarve/yolo_ws/install/cam2image_vm2ros/include/cam2image_vm2ros/base64.hpp
[17.534s] -- Up-to-date: /home/sarve/yolo_ws/install/cam2image_vm2ros/include/cam2image_vm2ros/remote_capture.hpp
[17.536s] -- Installing: /home/sarve/yolo_ws/install/cam2image_vm2ros/include/cam2image_vm2ros/image_processor.hpp
[17.536s] -- Up-to-date: /home/sarve/yolo_ws/install/cam2image_vm2ros/include/cam2image_vm2ros/cam2image.hpp
[17.536s] -- Up-to-date: /home/sarve/yolo_ws/install/cam2image_vm2ros/include/cam2image_vm2ros/visibility_control.h
[17.537s] -- Up-to-date: /home/sarve/yolo_ws/install/cam2image_vm2ros/include/cam2image_vm2ros/object_position.hpp
[17.537s] -- Up-to-date: /home/sarve/yolo_ws/install/cam2image_vm2ros/share/ament_index/resource_index/package_run_dependencies/cam2image_vm2ros
[17.537s] -- Up-to-date: /home/sarve/yolo_ws/install/cam2image_vm2ros/share/ament_index/resource_index/parent_prefix_path/cam2image_vm2ros
[17.537s] -- Up-to-date: /home/sarve/yolo_ws/install/cam2image_vm2ros/share/cam2image_vm2ros/environment/ament_prefix_path.sh
[17.537s] -- Up-to-date: /home/sarve/yolo_ws/install/cam2image_vm2ros/share/cam2image_vm2ros/environment/ament_prefix_path.dsv
[17.537s] -- Up-to-date: /home/sarve/yolo_ws/install/cam2image_vm2ros/share/cam2image_vm2ros/environment/path.sh
[17.537s] -- Up-to-date: /home/sarve/yolo_ws/install/cam2image_vm2ros/share/cam2image_vm2ros/environment/path.dsv
[17.539s] -- Up-to-date: /home/sarve/yolo_ws/install/cam2image_vm2ros/share/cam2image_vm2ros/local_setup.bash
[17.540s] -- Up-to-date: /home/sarve/yolo_ws/install/cam2image_vm2ros/share/cam2image_vm2ros/local_setup.sh
[17.541s] -- Up-to-date: /home/sarve/yolo_ws/install/cam2image_vm2ros/share/cam2image_vm2ros/local_setup.zsh
[17.541s] -- Up-to-date: /home/sarve/yolo_ws/install/cam2image_vm2ros/share/cam2image_vm2ros/local_setup.dsv
[17.542s] -- Installing: /home/sarve/yolo_ws/install/cam2image_vm2ros/share/cam2image_vm2ros/package.dsv
[17.543s] -- Up-to-date: /home/sarve/yolo_ws/install/cam2image_vm2ros/share/ament_index/resource_index/packages/cam2image_vm2ros
[17.543s] -- Up-to-date: /home/sarve/yolo_ws/install/cam2image_vm2ros/share/cam2image_vm2ros/cmake/cam2image_vm2rosConfig.cmake
[17.544s] -- Up-to-date: /home/sarve/yolo_ws/install/cam2image_vm2ros/share/cam2image_vm2ros/cmake/cam2image_vm2rosConfig-version.cmake
[17.544s] -- Up-to-date: /home/sarve/yolo_ws/install/cam2image_vm2ros/share/cam2image_vm2ros/package.xml
[17.545s] Invoked command in '/home/sarve/yolo_ws/build/cam2image_vm2ros' returned '0': CMAKE_PREFIX_PATH=${CMAKE_PREFIX_PATH}:/opt/ros/jazzy /usr/bin/cmake --install /home/sarve/yolo_ws/build/cam2image_vm2ros
